../Core/Src/main.c:80:5:main	24	static
../Core/Src/main.c:150:6:SystemClock_Config	96	static
../Core/Src/main.c:200:13:MX_I2C1_Init	8	static
../Core/Src/main.c:248:13:MX_I2C2_Init	8	static
../Core/Src/main.c:296:13:MX_TIM2_Init	40	static
../Core/Src/main.c:341:13:MX_USART2_UART_Init	8	static
../Core/Src/main.c:374:13:MX_DMA_Init	16	static
../Core/Src/main.c:395:13:MX_GPIO_Init	40	static
../Core/Src/main.c:427:6:button_press_action	16	static
../Core/Src/main.c:444:6:HAL_TIM_PeriodElapsedCallback	16	static
../Core/Src/main.c:454:6:Error_Handler	4	static,ignoring_inline_asm
