../Core/Src/main.c:81:5:main	16	static
../Core/Src/main.c:169:6:SystemClock_Config	96	static
../Core/Src/main.c:219:13:MX_I2C1_Init	8	static
../Core/Src/main.c:267:13:MX_I2C2_Init	8	static
../Core/Src/main.c:315:13:MX_TIM2_Init	40	static
../Core/Src/main.c:360:13:MX_USART2_UART_Init	8	static
../Core/Src/main.c:393:13:MX_DMA_Init	16	static
../Core/Src/main.c:414:13:MX_GPIO_Init	40	static
../Core/Src/main.c:446:6:button_press_action	16	static
../Core/Src/main.c:463:6:HAL_TIM_PeriodElapsedCallback	16	static
../Core/Src/main.c:471:6:update_leitura	24	static
../Core/Src/main.c:495:6:Error_Handler	4	static,ignoring_inline_asm
